Archive member included because of file (symbol)

././lib/libtft-cpp/libtft-cpp.a(tft.o)
                              test.o (_ZN5tft_tC1Ev)
././lib/libtft-cpp/libtft-cpp.a(ascii.o)
                              ././lib/libtft-cpp/libtft-cpp.a(tft.o) (ascii)
././lib/librTouch/librTouch.a(rtouch.o)
                              test.o (_ZN6rTouchC1EP5tft_t)
././lib/librTouch/librTouch.a(ts_calibrate.o)
                              ././lib/librTouch/librTouch.a(rtouch.o) (perform_calibration)
././lib/libcommon/libcommon.a(eemem.o)
                              ././lib/librTouch/librTouch.a(rtouch.o) (eeprom_first)
././lib/libcommon/libcommon.a(adc.o)
                              test.o (adc_init)
././lib/libcommon/libcommon.a(pcint.o)
                              ././lib/librTouch/librTouch.a(rtouch.o) (pcint_set)
/usr/lib/gcc/avr/4.7.2/avr5/libgcc.a(_umulhisi3.o)
                              ././lib/librTouch/librTouch.a(ts_calibrate.o) (__umulhisi3)
/usr/lib/gcc/avr/4.7.2/avr5/libgcc.a(_mulshisi3.o)
                              ././lib/librTouch/librTouch.a(rtouch.o) (__mulshisi3)
/usr/lib/gcc/avr/4.7.2/avr5/libgcc.a(_mulsi3.o)
                              ././lib/librTouch/librTouch.a(rtouch.o) (__mulsi3)
/usr/lib/gcc/avr/4.7.2/avr5/libgcc.a(_udivmodqi4.o)
                              ././lib/libtft-cpp/libtft-cpp.a(tft.o) (__udivmodqi4)
/usr/lib/gcc/avr/4.7.2/avr5/libgcc.a(_udivmodhi4.o)
                              ././lib/libtft-cpp/libtft-cpp.a(tft.o) (__udivmodhi4)
/usr/lib/gcc/avr/4.7.2/avr5/libgcc.a(_divmodhi4.o)
                              ././lib/libtft-cpp/libtft-cpp.a(tft.o) (__divmodhi4)
/usr/lib/gcc/avr/4.7.2/avr5/libgcc.a(_divmodsi4.o)
                              ././lib/librTouch/librTouch.a(rtouch.o) (__divmodsi4)
/usr/lib/gcc/avr/4.7.2/avr5/libgcc.a(_exit.o)
                              /usr/lib/gcc/avr/4.7.2/../../../avr/lib/avr5/crtm644p.o (exit)
/usr/lib/gcc/avr/4.7.2/avr5/libgcc.a(_copy_data.o)
                              test.o (__do_copy_data)
/usr/lib/gcc/avr/4.7.2/avr5/libgcc.a(_clear_bss.o)
                              test.o (__do_clear_bss)
/usr/lib/gcc/avr/4.7.2/avr5/libgcc.a(_ctors.o)
                              test.o (__do_global_ctors)
/usr/lib/gcc/avr/4.7.2/avr5/libgcc.a(_addsub_sf.o)
                              ././lib/librTouch/librTouch.a(ts_calibrate.o) (__addsf3)
/usr/lib/gcc/avr/4.7.2/avr5/libgcc.a(_mul_sf.o)
                              ././lib/librTouch/librTouch.a(rtouch.o) (__mulsf3)
/usr/lib/gcc/avr/4.7.2/avr5/libgcc.a(_div_sf.o)
                              ././lib/librTouch/librTouch.a(ts_calibrate.o) (__divsf3)
/usr/lib/gcc/avr/4.7.2/avr5/libgcc.a(_gt_sf.o)
                              ././lib/librTouch/librTouch.a(ts_calibrate.o) (__gtsf2)
/usr/lib/gcc/avr/4.7.2/avr5/libgcc.a(_lt_sf.o)
                              ././lib/librTouch/librTouch.a(ts_calibrate.o) (__ltsf2)
/usr/lib/gcc/avr/4.7.2/avr5/libgcc.a(_sf_to_si.o)
                              ././lib/librTouch/librTouch.a(rtouch.o) (__fixsfsi)
/usr/lib/gcc/avr/4.7.2/avr5/libgcc.a(_thenan_sf.o)
                              /usr/lib/gcc/avr/4.7.2/avr5/libgcc.a(_addsub_sf.o) (__thenan_sf)
/usr/lib/gcc/avr/4.7.2/avr5/libgcc.a(_usi_to_sf.o)
                              ././lib/librTouch/librTouch.a(rtouch.o) (__floatunsisf)
/usr/lib/gcc/avr/4.7.2/avr5/libgcc.a(_muluhisi3.o)
                              /usr/lib/gcc/avr/4.7.2/avr5/libgcc.a(_mulshisi3.o) (__muluhisi3)
/usr/lib/gcc/avr/4.7.2/avr5/libgcc.a(_udivmodsi4.o)
                              /usr/lib/gcc/avr/4.7.2/avr5/libgcc.a(_divmodsi4.o) (__udivmodsi4)
/usr/lib/gcc/avr/4.7.2/avr5/libgcc.a(_prologue.o)
                              /usr/lib/gcc/avr/4.7.2/avr5/libgcc.a(_addsub_sf.o) (__prologue_saves__)
/usr/lib/gcc/avr/4.7.2/avr5/libgcc.a(_epilogue.o)
                              /usr/lib/gcc/avr/4.7.2/avr5/libgcc.a(_addsub_sf.o) (__epilogue_restores__)
/usr/lib/gcc/avr/4.7.2/avr5/libgcc.a(_tablejump.o)
                              /usr/lib/gcc/avr/4.7.2/avr5/libgcc.a(_ctors.o) (__tablejump__)
/usr/lib/gcc/avr/4.7.2/avr5/libgcc.a(_clzsi2.o)
                              /usr/lib/gcc/avr/4.7.2/avr5/libgcc.a(_usi_to_sf.o) (__clzsi2)
/usr/lib/gcc/avr/4.7.2/avr5/libgcc.a(_clzhi2.o)
                              /usr/lib/gcc/avr/4.7.2/avr5/libgcc.a(_clzsi2.o) (__clzhi2)
/usr/lib/gcc/avr/4.7.2/avr5/libgcc.a(_pack_sf.o)
                              /usr/lib/gcc/avr/4.7.2/avr5/libgcc.a(_addsub_sf.o) (__pack_f)
/usr/lib/gcc/avr/4.7.2/avr5/libgcc.a(_unpack_sf.o)
                              /usr/lib/gcc/avr/4.7.2/avr5/libgcc.a(_addsub_sf.o) (__unpack_f)
/usr/lib/gcc/avr/4.7.2/avr5/libgcc.a(_fpcmp_parts_sf.o)
                              /usr/lib/gcc/avr/4.7.2/avr5/libgcc.a(_gt_sf.o) (__fpcmp_parts_f)
/usr/lib/gcc/avr/4.7.2/../../../avr/lib/avr5/libc.a(malloc.o)
                              ././lib/libcommon/libcommon.a(adc.o) (malloc)
/usr/lib/gcc/avr/4.7.2/../../../avr/lib/avr5/libc.a(fdevopen.o)
                              ././lib/libtft-cpp/libtft-cpp.a(tft.o) (fdevopen)
/usr/lib/gcc/avr/4.7.2/../../../avr/lib/avr5/libc.a(iob.o)
                              test.o (__iob)
/usr/lib/gcc/avr/4.7.2/../../../avr/lib/avr5/libc.a(printf.o)
                              test.o (printf)
/usr/lib/gcc/avr/4.7.2/../../../avr/lib/avr5/libc.a(puts.o)
                              test.o (puts)
/usr/lib/gcc/avr/4.7.2/../../../avr/lib/avr5/libc.a(vfprintf_std.o)
                              /usr/lib/gcc/avr/4.7.2/../../../avr/lib/avr5/libc.a(printf.o) (vfprintf)
/usr/lib/gcc/avr/4.7.2/../../../avr/lib/avr5/libc.a(eerd_block_atmega644p.o)
                              ././lib/librTouch/librTouch.a(rtouch.o) (__eerd_block_m644p)
/usr/lib/gcc/avr/4.7.2/../../../avr/lib/avr5/libc.a(eerd_byte_atmega644p.o)
                              ././lib/libcommon/libcommon.a(eemem.o) (__eerd_byte_m644p)
/usr/lib/gcc/avr/4.7.2/../../../avr/lib/avr5/libc.a(eeupd_block_atmega644p.o)
                              ././lib/librTouch/librTouch.a(rtouch.o) (__eeupd_block_m644p)
/usr/lib/gcc/avr/4.7.2/../../../avr/lib/avr5/libc.a(eeupd_byte_atmega644p.o)
                              ././lib/libcommon/libcommon.a(eemem.o) (__eeupd_byte_m644p)
/usr/lib/gcc/avr/4.7.2/../../../avr/lib/avr5/libc.a(calloc.o)
                              /usr/lib/gcc/avr/4.7.2/../../../avr/lib/avr5/libc.a(fdevopen.o) (calloc)
/usr/lib/gcc/avr/4.7.2/../../../avr/lib/avr5/libc.a(strnlen_P.o)
                              /usr/lib/gcc/avr/4.7.2/../../../avr/lib/avr5/libc.a(vfprintf_std.o) (strnlen_P)
/usr/lib/gcc/avr/4.7.2/../../../avr/lib/avr5/libc.a(memset.o)
                              /usr/lib/gcc/avr/4.7.2/../../../avr/lib/avr5/libc.a(calloc.o) (memset)
/usr/lib/gcc/avr/4.7.2/../../../avr/lib/avr5/libc.a(strnlen.o)
                              /usr/lib/gcc/avr/4.7.2/../../../avr/lib/avr5/libc.a(vfprintf_std.o) (strnlen)
/usr/lib/gcc/avr/4.7.2/../../../avr/lib/avr5/libc.a(fputc.o)
                              /usr/lib/gcc/avr/4.7.2/../../../avr/lib/avr5/libc.a(vfprintf_std.o) (fputc)
/usr/lib/gcc/avr/4.7.2/../../../avr/lib/avr5/libc.a(ultoa_invert.o)
                              /usr/lib/gcc/avr/4.7.2/../../../avr/lib/avr5/libc.a(vfprintf_std.o) (__ultoa_invert)

Allocating common symbols
Common symbol       size              file

__brkval            0x2               /usr/lib/gcc/avr/4.7.2/../../../avr/lib/avr5/libc.a(malloc.o)
__flp               0x2               /usr/lib/gcc/avr/4.7.2/../../../avr/lib/avr5/libc.a(malloc.o)
__iob               0x6               /usr/lib/gcc/avr/4.7.2/../../../avr/lib/avr5/libc.a(iob.o)

Discarded input sections

 .group         0x0000000000000000        0x8 test.o
 .group         0x0000000000000000        0x8 test.o
 .group         0x0000000000000000        0x8 test.o
 .group         0x0000000000000000        0x8 test.o
 .group         0x0000000000000000        0x8 test.o
 .group         0x0000000000000000        0x8 ././lib/libtft-cpp/libtft-cpp.a(tft.o)
 .group         0x0000000000000000        0x8 ././lib/libtft-cpp/libtft-cpp.a(tft.o)
 .group         0x0000000000000000        0x8 ././lib/libtft-cpp/libtft-cpp.a(tft.o)
 .group         0x0000000000000000        0x8 ././lib/libtft-cpp/libtft-cpp.a(tft.o)
 .group         0x0000000000000000        0x8 ././lib/libtft-cpp/libtft-cpp.a(tft.o)
 .group         0x0000000000000000        0x8 ././lib/libtft-cpp/libtft-cpp.a(tft.o)
 .group         0x0000000000000000        0x8 ././lib/libtft-cpp/libtft-cpp.a(tft.o)
 .group         0x0000000000000000        0x8 ././lib/libtft-cpp/libtft-cpp.a(tft.o)
 .group         0x0000000000000000        0x8 ././lib/libtft-cpp/libtft-cpp.a(tft.o)
 .group         0x0000000000000000        0x8 ././lib/libtft-cpp/libtft-cpp.a(tft.o)
 .text._ZN7ili93413cmdEh
                0x0000000000000000        0xc ././lib/libtft-cpp/libtft-cpp.a(tft.o)
 .text._ZN7ili93414dataEh
                0x0000000000000000        0x8 ././lib/libtft-cpp/libtft-cpp.a(tft.o)
 .text._ZN5tft_t7write16Ej
                0x0000000000000000       0x12 ././lib/libtft-cpp/libtft-cpp.a(tft.o)
 .group         0x0000000000000000        0x8 ././lib/librTouch/librTouch.a(rtouch.o)
 .group         0x0000000000000000        0x8 ././lib/librTouch/librTouch.a(rtouch.o)
 .group         0x0000000000000000        0x8 ././lib/librTouch/librTouch.a(rtouch.o)
 .text._ZN7ili93413cmdEh
                0x0000000000000000        0xc ././lib/librTouch/librTouch.a(rtouch.o)
 .text._ZN7ili93414dataEh
                0x0000000000000000        0x8 ././lib/librTouch/librTouch.a(rtouch.o)
 .text._ZN5tft_t7write16Ej
                0x0000000000000000       0x12 ././lib/librTouch/librTouch.a(rtouch.o)

Memory Configuration

Name             Origin             Length             Attributes
text             0x0000000000000000 0x0000000000020000 xr
data             0x0000000000800060 0x000000000000ffa0 rw !x
eeprom           0x0000000000810000 0x0000000000010000 rw !x
fuse             0x0000000000820000 0x0000000000000400 rw !x
lock             0x0000000000830000 0x0000000000000400 rw !x
signature        0x0000000000840000 0x0000000000000400 rw !x
*default*        0x0000000000000000 0xffffffffffffffff

Linker script and memory map

Address of section .data set to 0x800100
LOAD /usr/lib/gcc/avr/4.7.2/../../../avr/lib/avr5/crtm644p.o
LOAD test.o
LOAD /usr/lib/gcc/avr/4.7.2/../../../avr/lib/avr5/libm.a
LOAD ././lib/libtft-cpp/libtft-cpp.a
LOAD ././lib/librTouch/librTouch.a
LOAD ././lib/libcommon/libcommon.a
LOAD /usr/lib/gcc/avr/4.7.2/avr5/libgcc.a
LOAD /usr/lib/gcc/avr/4.7.2/../../../avr/lib/avr5/libc.a
LOAD /usr/lib/gcc/avr/4.7.2/avr5/libgcc.a

.hash
 *(.hash)

.dynsym
 *(.dynsym)

.dynstr
 *(.dynstr)

.gnu.version
 *(.gnu.version)

.gnu.version_d
 *(.gnu.version_d)

.gnu.version_r
 *(.gnu.version_r)

.rel.init
 *(.rel.init)

.rela.init
 *(.rela.init)

.rel.text
 *(.rel.text)
 *(.rel.text.*)
 *(.rel.gnu.linkonce.t*)

.rela.text
 *(.rela.text)
 *(.rela.text.*)
 *(.rela.gnu.linkonce.t*)

.rel.fini
 *(.rel.fini)

.rela.fini
 *(.rela.fini)

.rel.rodata
 *(.rel.rodata)
 *(.rel.rodata.*)
 *(.rel.gnu.linkonce.r*)

.rela.rodata
 *(.rela.rodata)
 *(.rela.rodata.*)
 *(.rela.gnu.linkonce.r*)

.rel.data
 *(.rel.data)
 *(.rel.data.*)
 *(.rel.gnu.linkonce.d*)

.rela.data
 *(.rela.data)
 *(.rela.data.*)
 *(.rela.gnu.linkonce.d*)

.rel.ctors
 *(.rel.ctors)

.rela.ctors
 *(.rela.ctors)

.rel.dtors
 *(.rel.dtors)

.rela.dtors
 *(.rela.dtors)

.rel.got
 *(.rel.got)

.rela.got
 *(.rela.got)

.rel.bss
 *(.rel.bss)

.rela.bss
 *(.rela.bss)

.rel.plt
 *(.rel.plt)

.rela.plt
 *(.rela.plt)

.text           0x0000000000000000     0x3a02
 *(.vectors)
 .vectors       0x0000000000000000       0x7c /usr/lib/gcc/avr/4.7.2/../../../avr/lib/avr5/crtm644p.o
                0x0000000000000000                __vectors
                0x0000000000000000                __vector_default
 *(.vectors)
 *(.progmem.gcc*)
 *(.progmem*)
 .progmem.data  0x000000000000007c      0x300 ././lib/libtft-cpp/libtft-cpp.a(ascii.o)
                0x000000000000007c                ascii
                0x000000000000037c                . = ALIGN (0x2)
                0x000000000000037c                __trampolines_start = .
 *(.trampolines)
 .trampolines   0x000000000000037c        0x0 linker stubs
 *(.trampolines*)
                0x000000000000037c                __trampolines_end = .
 *(.jumptables)
 *(.jumptables*)
 *(.lowtext)
 *(.lowtext*)
                0x000000000000037c                __ctors_start = .
 *(.ctors)
 .ctors         0x000000000000037c        0x2 test.o
                0x000000000000037e                __ctors_end = .
                0x000000000000037e                __dtors_start = .
 *(.dtors)
                0x000000000000037e                __dtors_end = .
 SORT(*)(.ctors)
 SORT(*)(.dtors)
 *(.init0)
 .init0         0x000000000000037e        0x0 /usr/lib/gcc/avr/4.7.2/../../../avr/lib/avr5/crtm644p.o
                0x000000000000037e                __init
 *(.init0)
 *(.init1)
 *(.init1)
 *(.init2)
 .init2         0x000000000000037e        0xc /usr/lib/gcc/avr/4.7.2/../../../avr/lib/avr5/crtm644p.o
 *(.init2)
 *(.init3)
 *(.init3)
 *(.init4)
 .init4         0x000000000000038a       0x16 /usr/lib/gcc/avr/4.7.2/avr5/libgcc.a(_copy_data.o)
                0x000000000000038a                __do_copy_data
 .init4         0x00000000000003a0       0x10 /usr/lib/gcc/avr/4.7.2/avr5/libgcc.a(_clear_bss.o)
                0x00000000000003a0                __do_clear_bss
 *(.init4)
 *(.init5)
 *(.init5)
 *(.init6)
 .init6         0x00000000000003b0       0x16 /usr/lib/gcc/avr/4.7.2/avr5/libgcc.a(_ctors.o)
                0x00000000000003b0                __do_global_ctors
 *(.init6)
 *(.init7)
 *(.init7)
 *(.init8)
 *(.init8)
 *(.init9)
 .init9         0x00000000000003c6        0x8 /usr/lib/gcc/avr/4.7.2/../../../avr/lib/avr5/crtm644p.o
 *(.init9)
 *(.text)
 .text          0x00000000000003ce        0x4 /usr/lib/gcc/avr/4.7.2/../../../avr/lib/avr5/crtm644p.o
                0x00000000000003ce                __vector_22
                0x00000000000003ce                __vector_28
                0x00000000000003ce                __vector_1
                0x00000000000003ce                __vector_12
                0x00000000000003ce                __bad_interrupt
                0x00000000000003ce                __vector_6
                0x00000000000003ce                __vector_3
                0x00000000000003ce                __vector_23
                0x00000000000003ce                __vector_30
                0x00000000000003ce                __vector_25
                0x00000000000003ce                __vector_11
                0x00000000000003ce                __vector_13
                0x00000000000003ce                __vector_17
                0x00000000000003ce                __vector_19
                0x00000000000003ce                __vector_7
                0x00000000000003ce                __vector_27
                0x00000000000003ce                __vector_5
                0x00000000000003ce                __vector_9
                0x00000000000003ce                __vector_2
                0x00000000000003ce                __vector_21
                0x00000000000003ce                __vector_15
                0x00000000000003ce                __vector_29
                0x00000000000003ce                __vector_8
                0x00000000000003ce                __vector_26
                0x00000000000003ce                __vector_14
                0x00000000000003ce                __vector_10
                0x00000000000003ce                __vector_16
                0x00000000000003ce                __vector_18
                0x00000000000003ce                __vector_20
 .text          0x00000000000003d2       0x72 test.o
                0x00000000000003d2                _Z4initv
 .text          0x0000000000000444      0x6a0 ././lib/libtft-cpp/libtft-cpp.a(tft.o)
                0x000000000000049c                _ZN5tft_tC2Ev
                0x000000000000049c                _ZN5tft_tC1Ev
                0x00000000000004ce                _ZN5tft_t9rectangleEjjjjj
                0x00000000000005a0                _ZN5tft_t4lineEjjjjj
                0x00000000000007ca                _ZN5tft_t5frameEjjjjhj
                0x00000000000008a0                _ZN5tft_t9setOrientEh
                0x00000000000008e0                _ZN5tft_t3bmpEb
                0x00000000000008ec                _ZN5tft_t5putchEc
                0x00000000000009be                _ZN5tft_t9putStringEPKcb
                0x0000000000000a06                _ZN5tft_t10drawImage2EPKhjjjjb
                0x0000000000000ab2                _Z6tftoutP5tft_t
 .text          0x0000000000000ae4        0x0 ././lib/libtft-cpp/libtft-cpp.a(ascii.o)
 .text          0x0000000000000ae4      0x87e ././lib/librTouch/librTouch.a(rtouch.o)
                0x0000000000000c5e                _ZN6rTouchC2EP5tft_t
                0x0000000000000c5e                _ZN6rTouchC1EP5tft_t
                0x0000000000000c74                _ZN6rTouch4initEv
                0x0000000000000cb8                _ZNK6rTouch14coordTranslateENS_7coord_tE
                0x0000000000000dd4                _ZN6rTouch8positionEv
                0x0000000000000e54                _ZN6rTouch9drawCrossENS_7coord_tEj
                0x0000000000000ec6                _ZN6rTouch16calibrationPointEh
                0x0000000000000f98                _ZN6rTouch7pressedEv
                0x0000000000000f9e                _ZN6rTouch12waitForPressEv
                0x0000000000000fb4                _ZN6rTouch6statusEv
                0x0000000000001032                _ZN6rTouch9calibrateEb
                0x0000000000001302                __vector_4
 .text          0x0000000000001362      0x9d8 ././lib/librTouch/librTouch.a(ts_calibrate.o)
                0x0000000000001362                perform_calibration
 .text          0x0000000000001d3a       0x36 ././lib/libcommon/libcommon.a(eemem.o)
                0x0000000000001d3a                eeprom_first
                0x0000000000001d5c                eeprom_first_done
 .text          0x0000000000001d70      0x184 ././lib/libcommon/libcommon.a(adc.o)
                0x0000000000001da0                adc_init
                0x0000000000001db8                adc_register_ISR
                0x0000000000001de6                adc_request
                0x0000000000001e52                __vector_24
 .text          0x0000000000001ef4       0x54 ././lib/libcommon/libcommon.a(pcint.o)
                0x0000000000001ef4                pcint_set
 .text          0x0000000000001f48        0x0 /usr/lib/gcc/avr/4.7.2/avr5/libgcc.a(_umulhisi3.o)
 .text          0x0000000000001f48        0x0 /usr/lib/gcc/avr/4.7.2/avr5/libgcc.a(_mulshisi3.o)
 .text          0x0000000000001f48        0x0 /usr/lib/gcc/avr/4.7.2/avr5/libgcc.a(_mulsi3.o)
 .text          0x0000000000001f48        0x0 /usr/lib/gcc/avr/4.7.2/avr5/libgcc.a(_udivmodqi4.o)
 .text          0x0000000000001f48        0x0 /usr/lib/gcc/avr/4.7.2/avr5/libgcc.a(_udivmodhi4.o)
 .text          0x0000000000001f48        0x0 /usr/lib/gcc/avr/4.7.2/avr5/libgcc.a(_divmodhi4.o)
 .text          0x0000000000001f48        0x0 /usr/lib/gcc/avr/4.7.2/avr5/libgcc.a(_divmodsi4.o)
 .text          0x0000000000001f48        0x0 /usr/lib/gcc/avr/4.7.2/avr5/libgcc.a(_exit.o)
 .text          0x0000000000001f48        0x0 /usr/lib/gcc/avr/4.7.2/avr5/libgcc.a(_copy_data.o)
 .text          0x0000000000001f48        0x0 /usr/lib/gcc/avr/4.7.2/avr5/libgcc.a(_clear_bss.o)
 .text          0x0000000000001f48        0x0 /usr/lib/gcc/avr/4.7.2/avr5/libgcc.a(_ctors.o)
 .text          0x0000000000001f48      0x370 /usr/lib/gcc/avr/4.7.2/avr5/libgcc.a(_addsub_sf.o)
                0x0000000000002200                __addsf3
                0x0000000000002258                __subsf3
 .text          0x00000000000022b8      0x1ca /usr/lib/gcc/avr/4.7.2/avr5/libgcc.a(_mul_sf.o)
                0x00000000000022b8                __mulsf3
 .text          0x0000000000002482      0x146 /usr/lib/gcc/avr/4.7.2/avr5/libgcc.a(_div_sf.o)
                0x0000000000002482                __divsf3
 .text          0x00000000000025c8       0x5e /usr/lib/gcc/avr/4.7.2/avr5/libgcc.a(_gt_sf.o)
                0x00000000000025c8                __gtsf2
 .text          0x0000000000002626       0x5e /usr/lib/gcc/avr/4.7.2/avr5/libgcc.a(_lt_sf.o)
                0x0000000000002626                __ltsf2
 .text          0x0000000000002684       0x9e /usr/lib/gcc/avr/4.7.2/avr5/libgcc.a(_sf_to_si.o)
                0x0000000000002684                __fixsfsi
 .text          0x0000000000002722        0x0 /usr/lib/gcc/avr/4.7.2/avr5/libgcc.a(_thenan_sf.o)
 .text          0x0000000000002722       0xec /usr/lib/gcc/avr/4.7.2/avr5/libgcc.a(_usi_to_sf.o)
                0x0000000000002722                __floatunsisf
 .text          0x000000000000280e        0x0 /usr/lib/gcc/avr/4.7.2/avr5/libgcc.a(_muluhisi3.o)
 .text          0x000000000000280e        0x0 /usr/lib/gcc/avr/4.7.2/avr5/libgcc.a(_udivmodsi4.o)
 .text          0x000000000000280e        0x0 /usr/lib/gcc/avr/4.7.2/avr5/libgcc.a(_prologue.o)
 .text          0x000000000000280e        0x0 /usr/lib/gcc/avr/4.7.2/avr5/libgcc.a(_epilogue.o)
 .text          0x000000000000280e        0x0 /usr/lib/gcc/avr/4.7.2/avr5/libgcc.a(_tablejump.o)
 .text          0x000000000000280e        0x0 /usr/lib/gcc/avr/4.7.2/avr5/libgcc.a(_clzsi2.o)
 .text          0x000000000000280e        0x0 /usr/lib/gcc/avr/4.7.2/avr5/libgcc.a(_clzhi2.o)
 .text          0x000000000000280e      0x194 /usr/lib/gcc/avr/4.7.2/avr5/libgcc.a(_pack_sf.o)
                0x000000000000280e                __pack_f
 .text          0x00000000000029a2       0xde /usr/lib/gcc/avr/4.7.2/avr5/libgcc.a(_unpack_sf.o)
                0x00000000000029a2                __unpack_f
 .text          0x0000000000002a80       0xc2 /usr/lib/gcc/avr/4.7.2/avr5/libgcc.a(_fpcmp_parts_sf.o)
                0x0000000000002a80                __fpcmp_parts_f
 .text          0x0000000000002b42        0x0 /usr/lib/gcc/avr/4.7.2/../../../avr/lib/avr5/libc.a(malloc.o)
 .text          0x0000000000002b42        0x0 /usr/lib/gcc/avr/4.7.2/../../../avr/lib/avr5/libc.a(fdevopen.o)
 .text          0x0000000000002b42        0x0 /usr/lib/gcc/avr/4.7.2/../../../avr/lib/avr5/libc.a(iob.o)
 .text          0x0000000000002b42        0x0 /usr/lib/gcc/avr/4.7.2/../../../avr/lib/avr5/libc.a(printf.o)
 .text          0x0000000000002b42        0x0 /usr/lib/gcc/avr/4.7.2/../../../avr/lib/avr5/libc.a(puts.o)
 .text          0x0000000000002b42        0x0 /usr/lib/gcc/avr/4.7.2/../../../avr/lib/avr5/libc.a(vfprintf_std.o)
 .text          0x0000000000002b42        0x0 /usr/lib/gcc/avr/4.7.2/../../../avr/lib/avr5/libc.a(eerd_block_atmega644p.o)
 .text          0x0000000000002b42        0x0 /usr/lib/gcc/avr/4.7.2/../../../avr/lib/avr5/libc.a(eerd_byte_atmega644p.o)
 .text          0x0000000000002b42        0x0 /usr/lib/gcc/avr/4.7.2/../../../avr/lib/avr5/libc.a(eeupd_block_atmega644p.o)
 .text          0x0000000000002b42        0x0 /usr/lib/gcc/avr/4.7.2/../../../avr/lib/avr5/libc.a(eeupd_byte_atmega644p.o)
 .text          0x0000000000002b42        0x0 /usr/lib/gcc/avr/4.7.2/../../../avr/lib/avr5/libc.a(calloc.o)
 .text          0x0000000000002b42        0x0 /usr/lib/gcc/avr/4.7.2/../../../avr/lib/avr5/libc.a(strnlen_P.o)
 .text          0x0000000000002b42        0x0 /usr/lib/gcc/avr/4.7.2/../../../avr/lib/avr5/libc.a(memset.o)
 .text          0x0000000000002b42        0x0 /usr/lib/gcc/avr/4.7.2/../../../avr/lib/avr5/libc.a(strnlen.o)
 .text          0x0000000000002b42        0x0 /usr/lib/gcc/avr/4.7.2/../../../avr/lib/avr5/libc.a(fputc.o)
 .text          0x0000000000002b42        0x0 /usr/lib/gcc/avr/4.7.2/../../../avr/lib/avr5/libc.a(ultoa_invert.o)
                0x0000000000002b42                . = ALIGN (0x2)
 *(.text.*)
 .text._ZN7ili93413cmdEh
                0x0000000000002b42        0xc test.o
                0x0000000000002b42                _ZN7ili93413cmdEh
 .text._ZN7ili93414dataEh
                0x0000000000002b4e        0x8 test.o
                0x0000000000002b4e                _ZN7ili93414dataEh
 .text._ZN7ili93414initEv
                0x0000000000002b56       0xf0 test.o
                0x0000000000002b56                _ZN7ili93414initEv
 .text._ZN5tft_t7write16Ej
                0x0000000000002c46       0x12 test.o
                0x0000000000002c46                _ZN5tft_t7write16Ej
 .text._ZN5tft_t4fillEj
                0x0000000000002c58       0x8c test.o
                0x0000000000002c58                _ZN5tft_t4fillEj
 .text.startup  0x0000000000002ce4       0x78 test.o
                0x0000000000002ce4                main
 .text._ZN7ili934110_setOrientEh
                0x0000000000002d5c       0x1a ././lib/libtft-cpp/libtft-cpp.a(tft.o)
                0x0000000000002d5c                _ZN7ili934110_setOrientEh
 .text._ZN5tft_t5startEv
                0x0000000000002d76        0x6 ././lib/libtft-cpp/libtft-cpp.a(tft.o)
                0x0000000000002d76                _ZN5tft_t5startEv
 .text._ZN5tft_t7newlineEv
                0x0000000000002d7c       0x94 ././lib/libtft-cpp/libtft-cpp.a(tft.o)
                0x0000000000002d7c                _ZN5tft_t7newlineEv
 .text._ZN5tft_t4nextEv
                0x0000000000002e10       0x2e ././lib/libtft-cpp/libtft-cpp.a(tft.o)
                0x0000000000002e10                _ZN5tft_t4nextEv
 .text._ZN5tft_tlsEc
                0x0000000000002e3e       0x72 ././lib/libtft-cpp/libtft-cpp.a(tft.o)
                0x0000000000002e3e                _ZN5tft_tlsEc
 .text._Z8tftputchcP6__file
                0x0000000000002eb0       0x14 ././lib/libtft-cpp/libtft-cpp.a(tft.o)
                0x0000000000002eb0                _Z8tftputchcP6__file
 .text.libgcc.mul
                0x0000000000002ec4       0x18 /usr/lib/gcc/avr/4.7.2/avr5/libgcc.a(_umulhisi3.o)
                0x0000000000002ec4                __umulhisi3
 .text.libgcc.div
                0x0000000000002edc        0x0 /usr/lib/gcc/avr/4.7.2/avr5/libgcc.a(_umulhisi3.o)
 .text.libgcc   0x0000000000002edc        0x0 /usr/lib/gcc/avr/4.7.2/avr5/libgcc.a(_umulhisi3.o)
 .text.libgcc.prologue
                0x0000000000002edc        0x0 /usr/lib/gcc/avr/4.7.2/avr5/libgcc.a(_umulhisi3.o)
 .text.libgcc.builtins
                0x0000000000002edc        0x0 /usr/lib/gcc/avr/4.7.2/avr5/libgcc.a(_umulhisi3.o)
 .text.libgcc.fmul
                0x0000000000002edc        0x0 /usr/lib/gcc/avr/4.7.2/avr5/libgcc.a(_umulhisi3.o)
 .text.libgcc.mul
                0x0000000000002edc       0x10 /usr/lib/gcc/avr/4.7.2/avr5/libgcc.a(_mulshisi3.o)
                0x0000000000002edc                __mulshisi3
                0x0000000000002ee2                __mulohisi3
 .text.libgcc.div
                0x0000000000002eec        0x0 /usr/lib/gcc/avr/4.7.2/avr5/libgcc.a(_mulshisi3.o)
 .text.libgcc   0x0000000000002eec        0x0 /usr/lib/gcc/avr/4.7.2/avr5/libgcc.a(_mulshisi3.o)
 .text.libgcc.prologue
                0x0000000000002eec        0x0 /usr/lib/gcc/avr/4.7.2/avr5/libgcc.a(_mulshisi3.o)
 .text.libgcc.builtins
                0x0000000000002eec        0x0 /usr/lib/gcc/avr/4.7.2/avr5/libgcc.a(_mulshisi3.o)
 .text.libgcc.fmul
                0x0000000000002eec        0x0 /usr/lib/gcc/avr/4.7.2/avr5/libgcc.a(_mulshisi3.o)
 .text.libgcc.mul
                0x0000000000002eec       0x20 /usr/lib/gcc/avr/4.7.2/avr5/libgcc.a(_mulsi3.o)
                0x0000000000002eec                __mulsi3
 .text.libgcc.div
                0x0000000000002f0c        0x0 /usr/lib/gcc/avr/4.7.2/avr5/libgcc.a(_mulsi3.o)
 .text.libgcc   0x0000000000002f0c        0x0 /usr/lib/gcc/avr/4.7.2/avr5/libgcc.a(_mulsi3.o)
 .text.libgcc.prologue
                0x0000000000002f0c        0x0 /usr/lib/gcc/avr/4.7.2/avr5/libgcc.a(_mulsi3.o)
 .text.libgcc.builtins
                0x0000000000002f0c        0x0 /usr/lib/gcc/avr/4.7.2/avr5/libgcc.a(_mulsi3.o)
 .text.libgcc.fmul
                0x0000000000002f0c        0x0 /usr/lib/gcc/avr/4.7.2/avr5/libgcc.a(_mulsi3.o)
 .text.libgcc.mul
                0x0000000000002f0c        0x0 /usr/lib/gcc/avr/4.7.2/avr5/libgcc.a(_udivmodqi4.o)
 .text.libgcc.div
                0x0000000000002f0c       0x18 /usr/lib/gcc/avr/4.7.2/avr5/libgcc.a(_udivmodqi4.o)
                0x0000000000002f0c                __udivmodqi4
 .text.libgcc   0x0000000000002f24        0x0 /usr/lib/gcc/avr/4.7.2/avr5/libgcc.a(_udivmodqi4.o)
 .text.libgcc.prologue
                0x0000000000002f24        0x0 /usr/lib/gcc/avr/4.7.2/avr5/libgcc.a(_udivmodqi4.o)
 .text.libgcc.builtins
                0x0000000000002f24        0x0 /usr/lib/gcc/avr/4.7.2/avr5/libgcc.a(_udivmodqi4.o)
 .text.libgcc.fmul
                0x0000000000002f24        0x0 /usr/lib/gcc/avr/4.7.2/avr5/libgcc.a(_udivmodqi4.o)
 .text.libgcc.mul
                0x0000000000002f24        0x0 /usr/lib/gcc/avr/4.7.2/avr5/libgcc.a(_udivmodhi4.o)
 .text.libgcc.div
                0x0000000000002f24       0x28 /usr/lib/gcc/avr/4.7.2/avr5/libgcc.a(_udivmodhi4.o)
                0x0000000000002f24                __udivmodhi4
 .text.libgcc   0x0000000000002f4c        0x0 /usr/lib/gcc/avr/4.7.2/avr5/libgcc.a(_udivmodhi4.o)
 .text.libgcc.prologue
                0x0000000000002f4c        0x0 /usr/lib/gcc/avr/4.7.2/avr5/libgcc.a(_udivmodhi4.o)
 .text.libgcc.builtins
                0x0000000000002f4c        0x0 /usr/lib/gcc/avr/4.7.2/avr5/libgcc.a(_udivmodhi4.o)
 .text.libgcc.fmul
                0x0000000000002f4c        0x0 /usr/lib/gcc/avr/4.7.2/avr5/libgcc.a(_udivmodhi4.o)
 .text.libgcc.mul
                0x0000000000002f4c        0x0 /usr/lib/gcc/avr/4.7.2/avr5/libgcc.a(_divmodhi4.o)
 .text.libgcc.div
                0x0000000000002f4c       0x28 /usr/lib/gcc/avr/4.7.2/avr5/libgcc.a(_divmodhi4.o)
                0x0000000000002f4c                __divmodhi4
                0x0000000000002f4c                _div
 .text.libgcc   0x0000000000002f74        0x0 /usr/lib/gcc/avr/4.7.2/avr5/libgcc.a(_divmodhi4.o)
 .text.libgcc.prologue
                0x0000000000002f74        0x0 /usr/lib/gcc/avr/4.7.2/avr5/libgcc.a(_divmodhi4.o)
 .text.libgcc.builtins
                0x0000000000002f74        0x0 /usr/lib/gcc/avr/4.7.2/avr5/libgcc.a(_divmodhi4.o)
 .text.libgcc.fmul
                0x0000000000002f74        0x0 /usr/lib/gcc/avr/4.7.2/avr5/libgcc.a(_divmodhi4.o)
 .text.libgcc.mul
                0x0000000000002f74        0x0 /usr/lib/gcc/avr/4.7.2/avr5/libgcc.a(_divmodsi4.o)
 .text.libgcc.div
                0x0000000000002f74       0x38 /usr/lib/gcc/avr/4.7.2/avr5/libgcc.a(_divmodsi4.o)
                0x0000000000002f74                __divmodsi4
 .text.libgcc   0x0000000000002fac        0x0 /usr/lib/gcc/avr/4.7.2/avr5/libgcc.a(_divmodsi4.o)
 .text.libgcc.prologue
                0x0000000000002fac        0x0 /usr/lib/gcc/avr/4.7.2/avr5/libgcc.a(_divmodsi4.o)
 .text.libgcc.builtins
                0x0000000000002fac        0x0 /usr/lib/gcc/avr/4.7.2/avr5/libgcc.a(_divmodsi4.o)
 .text.libgcc.fmul
                0x0000000000002fac        0x0 /usr/lib/gcc/avr/4.7.2/avr5/libgcc.a(_divmodsi4.o)
 .text.libgcc.mul
                0x0000000000002fac        0x0 /usr/lib/gcc/avr/4.7.2/avr5/libgcc.a(_exit.o)
 .text.libgcc.div
                0x0000000000002fac        0x0 /usr/lib/gcc/avr/4.7.2/avr5/libgcc.a(_exit.o)
 .text.libgcc   0x0000000000002fac        0x0 /usr/lib/gcc/avr/4.7.2/avr5/libgcc.a(_exit.o)
 .text.libgcc.prologue
                0x0000000000002fac        0x0 /usr/lib/gcc/avr/4.7.2/avr5/libgcc.a(_exit.o)
 .text.libgcc.builtins
                0x0000000000002fac        0x0 /usr/lib/gcc/avr/4.7.2/avr5/libgcc.a(_exit.o)
 .text.libgcc.fmul
                0x0000000000002fac        0x0 /usr/lib/gcc/avr/4.7.2/avr5/libgcc.a(_exit.o)
 .text.libgcc.mul
                0x0000000000002fac        0x0 /usr/lib/gcc/avr/4.7.2/avr5/libgcc.a(_copy_data.o)
 .text.libgcc.div
                0x0000000000002fac        0x0 /usr/lib/gcc/avr/4.7.2/avr5/libgcc.a(_copy_data.o)
 .text.libgcc   0x0000000000002fac        0x0 /usr/lib/gcc/avr/4.7.2/avr5/libgcc.a(_copy_data.o)
 .text.libgcc.prologue
                0x0000000000002fac        0x0 /usr/lib/gcc/avr/4.7.2/avr5/libgcc.a(_copy_data.o)
 .text.libgcc.builtins
                0x0000000000002fac        0x0 /usr/lib/gcc/avr/4.7.2/avr5/libgcc.a(_copy_data.o)
 .text.libgcc.fmul
                0x0000000000002fac        0x0 /usr/lib/gcc/avr/4.7.2/avr5/libgcc.a(_copy_data.o)
 .text.libgcc.mul
                0x0000000000002fac        0x0 /usr/lib/gcc/avr/4.7.2/avr5/libgcc.a(_clear_bss.o)
 .text.libgcc.div
                0x0000000000002fac        0x0 /usr/lib/gcc/avr/4.7.2/avr5/libgcc.a(_clear_bss.o)
 .text.libgcc   0x0000000000002fac        0x0 /usr/lib/gcc/avr/4.7.2/avr5/libgcc.a(_clear_bss.o)
 .text.libgcc.prologue
                0x0000000000002fac        0x0 /usr/lib/gcc/avr/4.7.2/avr5/libgcc.a(_clear_bss.o)
 .text.libgcc.builtins
                0x0000000000002fac        0x0 /usr/lib/gcc/avr/4.7.2/avr5/libgcc.a(_clear_bss.o)
 .text.libgcc.fmul
                0x0000000000002fac        0x0 /usr/lib/gcc/avr/4.7.2/avr5/libgcc.a(_clear_bss.o)
 .text.libgcc.mul
                0x0000000000002fac        0x0 /usr/lib/gcc/avr/4.7.2/avr5/libgcc.a(_ctors.o)
 .text.libgcc.div
                0x0000000000002fac        0x0 /usr/lib/gcc/avr/4.7.2/avr5/libgcc.a(_ctors.o)
 .text.libgcc   0x0000000000002fac        0x0 /usr/lib/gcc/avr/4.7.2/avr5/libgcc.a(_ctors.o)
 .text.libgcc.prologue
                0x0000000000002fac        0x0 /usr/lib/gcc/avr/4.7.2/avr5/libgcc.a(_ctors.o)
 .text.libgcc.builtins
                0x0000000000002fac        0x0 /usr/lib/gcc/avr/4.7.2/avr5/libgcc.a(_ctors.o)
 .text.libgcc.fmul
                0x0000000000002fac        0x0 /usr/lib/gcc/avr/4.7.2/avr5/libgcc.a(_ctors.o)
 .text.libgcc.mul
                0x0000000000002fac       0x16 /usr/lib/gcc/avr/4.7.2/avr5/libgcc.a(_muluhisi3.o)
                0x0000000000002fac                __muluhisi3
 .text.libgcc.div
                0x0000000000002fc2        0x0 /usr/lib/gcc/avr/4.7.2/avr5/libgcc.a(_muluhisi3.o)
 .text.libgcc   0x0000000000002fc2        0x0 /usr/lib/gcc/avr/4.7.2/avr5/libgcc.a(_muluhisi3.o)
 .text.libgcc.prologue
                0x0000000000002fc2        0x0 /usr/lib/gcc/avr/4.7.2/avr5/libgcc.a(_muluhisi3.o)
 .text.libgcc.builtins
                0x0000000000002fc2        0x0 /usr/lib/gcc/avr/4.7.2/avr5/libgcc.a(_muluhisi3.o)
 .text.libgcc.fmul
                0x0000000000002fc2        0x0 /usr/lib/gcc/avr/4.7.2/avr5/libgcc.a(_muluhisi3.o)
 .text.libgcc.mul
                0x0000000000002fc2        0x0 /usr/lib/gcc/avr/4.7.2/avr5/libgcc.a(_udivmodsi4.o)
 .text.libgcc.div
                0x0000000000002fc2       0x44 /usr/lib/gcc/avr/4.7.2/avr5/libgcc.a(_udivmodsi4.o)
                0x0000000000002fc2                __udivmodsi4
 .text.libgcc   0x0000000000003006        0x0 /usr/lib/gcc/avr/4.7.2/avr5/libgcc.a(_udivmodsi4.o)
 .text.libgcc.prologue
                0x0000000000003006        0x0 /usr/lib/gcc/avr/4.7.2/avr5/libgcc.a(_udivmodsi4.o)
 .text.libgcc.builtins
                0x0000000000003006        0x0 /usr/lib/gcc/avr/4.7.2/avr5/libgcc.a(_udivmodsi4.o)
 .text.libgcc.fmul
                0x0000000000003006        0x0 /usr/lib/gcc/avr/4.7.2/avr5/libgcc.a(_udivmodsi4.o)
 .text.libgcc.mul
                0x0000000000003006        0x0 /usr/lib/gcc/avr/4.7.2/avr5/libgcc.a(_prologue.o)
 .text.libgcc.div
                0x0000000000003006        0x0 /usr/lib/gcc/avr/4.7.2/avr5/libgcc.a(_prologue.o)
 .text.libgcc   0x0000000000003006        0x0 /usr/lib/gcc/avr/4.7.2/avr5/libgcc.a(_prologue.o)
 .text.libgcc.prologue
                0x0000000000003006       0x38 /usr/lib/gcc/avr/4.7.2/avr5/libgcc.a(_prologue.o)
                0x0000000000003006                __prologue_saves__
 .text.libgcc.builtins
                0x000000000000303e        0x0 /usr/lib/gcc/avr/4.7.2/avr5/libgcc.a(_prologue.o)
 .text.libgcc.fmul
                0x000000000000303e        0x0 /usr/lib/gcc/avr/4.7.2/avr5/libgcc.a(_prologue.o)
 .text.libgcc.mul
                0x000000000000303e        0x0 /usr/lib/gcc/avr/4.7.2/avr5/libgcc.a(_epilogue.o)
 .text.libgcc.div
                0x000000000000303e        0x0 /usr/lib/gcc/avr/4.7.2/avr5/libgcc.a(_epilogue.o)
 .text.libgcc   0x000000000000303e        0x0 /usr/lib/gcc/avr/4.7.2/avr5/libgcc.a(_epilogue.o)
 .text.libgcc.prologue
                0x000000000000303e       0x36 /usr/lib/gcc/avr/4.7.2/avr5/libgcc.a(_epilogue.o)
                0x000000000000303e                __epilogue_restores__
 .text.libgcc.builtins
                0x0000000000003074        0x0 /usr/lib/gcc/avr/4.7.2/avr5/libgcc.a(_epilogue.o)
 .text.libgcc.fmul
                0x0000000000003074        0x0 /usr/lib/gcc/avr/4.7.2/avr5/libgcc.a(_epilogue.o)
 .text.libgcc.mul
                0x0000000000003074        0x0 /usr/lib/gcc/avr/4.7.2/avr5/libgcc.a(_tablejump.o)
 .text.libgcc.div
                0x0000000000003074        0x0 /usr/lib/gcc/avr/4.7.2/avr5/libgcc.a(_tablejump.o)
 .text.libgcc   0x0000000000003074        0xc /usr/lib/gcc/avr/4.7.2/avr5/libgcc.a(_tablejump.o)
                0x0000000000003074                __tablejump2__
                0x0000000000003078                __tablejump__
 .text.libgcc.prologue
                0x0000000000003080        0x0 /usr/lib/gcc/avr/4.7.2/avr5/libgcc.a(_tablejump.o)
 .text.libgcc.builtins
                0x0000000000003080        0x0 /usr/lib/gcc/avr/4.7.2/avr5/libgcc.a(_tablejump.o)
 .text.libgcc.fmul
                0x0000000000003080        0x0 /usr/lib/gcc/avr/4.7.2/avr5/libgcc.a(_tablejump.o)
 .text.libgcc.mul
                0x0000000000003080        0x0 /usr/lib/gcc/avr/4.7.2/avr5/libgcc.a(_clzsi2.o)
 .text.libgcc.div
                0x0000000000003080        0x0 /usr/lib/gcc/avr/4.7.2/avr5/libgcc.a(_clzsi2.o)
 .text.libgcc   0x0000000000003080        0x0 /usr/lib/gcc/avr/4.7.2/avr5/libgcc.a(_clzsi2.o)
 .text.libgcc.prologue
                0x0000000000003080        0x0 /usr/lib/gcc/avr/4.7.2/avr5/libgcc.a(_clzsi2.o)
 .text.libgcc.builtins
                0x0000000000003080       0x12 /usr/lib/gcc/avr/4.7.2/avr5/libgcc.a(_clzsi2.o)
                0x0000000000003080                __clzsi2
 .text.libgcc.fmul
                0x0000000000003092        0x0 /usr/lib/gcc/avr/4.7.2/avr5/libgcc.a(_clzsi2.o)
 .text.libgcc.mul
                0x0000000000003092        0x0 /usr/lib/gcc/avr/4.7.2/avr5/libgcc.a(_clzhi2.o)
 .text.libgcc.div
                0x0000000000003092        0x0 /usr/lib/gcc/avr/4.7.2/avr5/libgcc.a(_clzhi2.o)
 .text.libgcc   0x0000000000003092        0x0 /usr/lib/gcc/avr/4.7.2/avr5/libgcc.a(_clzhi2.o)
 .text.libgcc.prologue
                0x0000000000003092        0x0 /usr/lib/gcc/avr/4.7.2/avr5/libgcc.a(_clzhi2.o)
 .text.libgcc.builtins
                0x0000000000003092       0x24 /usr/lib/gcc/avr/4.7.2/avr5/libgcc.a(_clzhi2.o)
                0x0000000000003092                __clzhi2
 .text.libgcc.fmul
                0x00000000000030b6        0x0 /usr/lib/gcc/avr/4.7.2/avr5/libgcc.a(_clzhi2.o)
 .text.avr-libc
                0x00000000000030b6      0x26e /usr/lib/gcc/avr/4.7.2/../../../avr/lib/avr5/libc.a(malloc.o)
                0x00000000000030b6                malloc
                0x00000000000031ec                free
 .text.avr-libc
                0x0000000000003324       0x96 /usr/lib/gcc/avr/4.7.2/../../../avr/lib/avr5/libc.a(fdevopen.o)
                0x0000000000003324                fdevopen
 .text.avr-libc
                0x00000000000033ba       0x2e /usr/lib/gcc/avr/4.7.2/../../../avr/lib/avr5/libc.a(printf.o)
                0x00000000000033ba                printf
 .text.avr-libc
                0x00000000000033e8       0x5e /usr/lib/gcc/avr/4.7.2/../../../avr/lib/avr5/libc.a(puts.o)
                0x00000000000033e8                puts
 .text.avr-libc
                0x0000000000003446      0x3ba /usr/lib/gcc/avr/4.7.2/../../../avr/lib/avr5/libc.a(vfprintf_std.o)
                0x0000000000003446                vfprintf
 .text.avr-libc
                0x0000000000003800       0x20 /usr/lib/gcc/avr/4.7.2/../../../avr/lib/avr5/libc.a(eerd_block_atmega644p.o)
                0x0000000000003800                __eerd_block_m644p
                0x0000000000003804                __eerd_blraw_m644p
 .text.avr-libc
                0x0000000000003820       0x10 /usr/lib/gcc/avr/4.7.2/../../../avr/lib/avr5/libc.a(eerd_byte_atmega644p.o)
                0x0000000000003820                __eerd_byte_m644p
 .text.avr-libc
                0x0000000000003830       0x20 /usr/lib/gcc/avr/4.7.2/../../../avr/lib/avr5/libc.a(eeupd_block_atmega644p.o)
                0x0000000000003830                __eeupd_block_m644p
 .text.avr-libc
                0x0000000000003850       0x24 /usr/lib/gcc/avr/4.7.2/../../../avr/lib/avr5/libc.a(eeupd_byte_atmega644p.o)
                0x0000000000003850                __eeupd_byte_m644p
                0x0000000000003852                __eeupd_r18_m644p
 .text.avr-libc
                0x0000000000003874       0x3c /usr/lib/gcc/avr/4.7.2/../../../avr/lib/avr5/libc.a(calloc.o)
                0x0000000000003874                calloc
 .text.avr-libc
                0x00000000000038b0       0x16 /usr/lib/gcc/avr/4.7.2/../../../avr/lib/avr5/libc.a(strnlen_P.o)
                0x00000000000038b0                strnlen_P
 .text.avr-libc
                0x00000000000038c6        0xe /usr/lib/gcc/avr/4.7.2/../../../avr/lib/avr5/libc.a(memset.o)
                0x00000000000038c6                memset
 .text.avr-libc
                0x00000000000038d4       0x16 /usr/lib/gcc/avr/4.7.2/../../../avr/lib/avr5/libc.a(strnlen.o)
                0x00000000000038d4                strnlen
 .text.avr-libc
                0x00000000000038ea       0x58 /usr/lib/gcc/avr/4.7.2/../../../avr/lib/avr5/libc.a(fputc.o)
                0x00000000000038ea                fputc
 .text.avr-libc
                0x0000000000003942       0xbc /usr/lib/gcc/avr/4.7.2/../../../avr/lib/avr5/libc.a(ultoa_invert.o)
                0x0000000000003942                __ultoa_invert
                0x00000000000039fe                . = ALIGN (0x2)
 *(.fini9)
 .fini9         0x00000000000039fe        0x0 /usr/lib/gcc/avr/4.7.2/avr5/libgcc.a(_exit.o)
                0x00000000000039fe                exit
                0x00000000000039fe                _exit
 *(.fini9)
 *(.fini8)
 *(.fini8)
 *(.fini7)
 *(.fini7)
 *(.fini6)
 *(.fini6)
 *(.fini5)
 *(.fini5)
 *(.fini4)
 *(.fini4)
 *(.fini3)
 *(.fini3)
 *(.fini2)
 *(.fini2)
 *(.fini1)
 *(.fini1)
 *(.fini0)
 .fini0         0x00000000000039fe        0x4 /usr/lib/gcc/avr/4.7.2/avr5/libgcc.a(_exit.o)
 *(.fini0)
                0x0000000000003a02                _etext = .

.data           0x0000000000800100       0x3a load address 0x0000000000003a02
                0x0000000000800100                PROVIDE (__data_start, .)
 *(.data)
 .data          0x0000000000800100        0x0 /usr/lib/gcc/avr/4.7.2/../../../avr/lib/avr5/crtm644p.o
 .data          0x0000000000800100        0x0 test.o
 .data          0x0000000000800100        0x0 ././lib/libtft-cpp/libtft-cpp.a(tft.o)
 .data          0x0000000000800100        0x0 ././lib/libtft-cpp/libtft-cpp.a(ascii.o)
 .data          0x0000000000800100        0x0 ././lib/librTouch/librTouch.a(rtouch.o)
 .data          0x0000000000800100        0x0 ././lib/librTouch/librTouch.a(ts_calibrate.o)
 .data          0x0000000000800100        0x1 ././lib/libcommon/libcommon.a(eemem.o)
 .data          0x0000000000800101        0x0 ././lib/libcommon/libcommon.a(adc.o)
 .data          0x0000000000800101        0x0 ././lib/libcommon/libcommon.a(pcint.o)
 .data          0x0000000000800101        0x0 /usr/lib/gcc/avr/4.7.2/avr5/libgcc.a(_umulhisi3.o)
 .data          0x0000000000800101        0x0 /usr/lib/gcc/avr/4.7.2/avr5/libgcc.a(_mulshisi3.o)
 .data          0x0000000000800101        0x0 /usr/lib/gcc/avr/4.7.2/avr5/libgcc.a(_mulsi3.o)
 .data          0x0000000000800101        0x0 /usr/lib/gcc/avr/4.7.2/avr5/libgcc.a(_udivmodqi4.o)
 .data          0x0000000000800101        0x0 /usr/lib/gcc/avr/4.7.2/avr5/libgcc.a(_udivmodhi4.o)
 .data          0x0000000000800101        0x0 /usr/lib/gcc/avr/4.7.2/avr5/libgcc.a(_divmodhi4.o)
 .data          0x0000000000800101        0x0 /usr/lib/gcc/avr/4.7.2/avr5/libgcc.a(_divmodsi4.o)
 .data          0x0000000000800101        0x0 /usr/lib/gcc/avr/4.7.2/avr5/libgcc.a(_exit.o)
 .data          0x0000000000800101        0x0 /usr/lib/gcc/avr/4.7.2/avr5/libgcc.a(_copy_data.o)
 .data          0x0000000000800101        0x0 /usr/lib/gcc/avr/4.7.2/avr5/libgcc.a(_clear_bss.o)
 .data          0x0000000000800101        0x0 /usr/lib/gcc/avr/4.7.2/avr5/libgcc.a(_ctors.o)
 .data          0x0000000000800101        0x0 /usr/lib/gcc/avr/4.7.2/avr5/libgcc.a(_addsub_sf.o)
 .data          0x0000000000800101        0x0 /usr/lib/gcc/avr/4.7.2/avr5/libgcc.a(_mul_sf.o)
 .data          0x0000000000800101        0x0 /usr/lib/gcc/avr/4.7.2/avr5/libgcc.a(_div_sf.o)
 .data          0x0000000000800101        0x0 /usr/lib/gcc/avr/4.7.2/avr5/libgcc.a(_gt_sf.o)
 .data          0x0000000000800101        0x0 /usr/lib/gcc/avr/4.7.2/avr5/libgcc.a(_lt_sf.o)
 .data          0x0000000000800101        0x0 /usr/lib/gcc/avr/4.7.2/avr5/libgcc.a(_sf_to_si.o)
 .data          0x0000000000800101        0x0 /usr/lib/gcc/avr/4.7.2/avr5/libgcc.a(_thenan_sf.o)
 .data          0x0000000000800101        0x0 /usr/lib/gcc/avr/4.7.2/avr5/libgcc.a(_usi_to_sf.o)
 .data          0x0000000000800101        0x0 /usr/lib/gcc/avr/4.7.2/avr5/libgcc.a(_muluhisi3.o)
 .data          0x0000000000800101        0x0 /usr/lib/gcc/avr/4.7.2/avr5/libgcc.a(_udivmodsi4.o)
 .data          0x0000000000800101        0x0 /usr/lib/gcc/avr/4.7.2/avr5/libgcc.a(_prologue.o)
 .data          0x0000000000800101        0x0 /usr/lib/gcc/avr/4.7.2/avr5/libgcc.a(_epilogue.o)
 .data          0x0000000000800101        0x0 /usr/lib/gcc/avr/4.7.2/avr5/libgcc.a(_tablejump.o)
 .data          0x0000000000800101        0x0 /usr/lib/gcc/avr/4.7.2/avr5/libgcc.a(_clzsi2.o)
 .data          0x0000000000800101        0x0 /usr/lib/gcc/avr/4.7.2/avr5/libgcc.a(_clzhi2.o)
 .data          0x0000000000800101        0x0 /usr/lib/gcc/avr/4.7.2/avr5/libgcc.a(_pack_sf.o)
 .data          0x0000000000800101        0x0 /usr/lib/gcc/avr/4.7.2/avr5/libgcc.a(_unpack_sf.o)
 .data          0x0000000000800101        0x0 /usr/lib/gcc/avr/4.7.2/avr5/libgcc.a(_fpcmp_parts_sf.o)
 .data          0x0000000000800101        0x6 /usr/lib/gcc/avr/4.7.2/../../../avr/lib/avr5/libc.a(malloc.o)
                0x0000000000800101                __malloc_heap_end
                0x0000000000800103                __malloc_heap_start
                0x0000000000800105                __malloc_margin
 .data          0x0000000000800107        0x0 /usr/lib/gcc/avr/4.7.2/../../../avr/lib/avr5/libc.a(fdevopen.o)
 .data          0x0000000000800107        0x0 /usr/lib/gcc/avr/4.7.2/../../../avr/lib/avr5/libc.a(iob.o)
 .data          0x0000000000800107        0x0 /usr/lib/gcc/avr/4.7.2/../../../avr/lib/avr5/libc.a(printf.o)
 .data          0x0000000000800107        0x0 /usr/lib/gcc/avr/4.7.2/../../../avr/lib/avr5/libc.a(puts.o)
 .data          0x0000000000800107        0x0 /usr/lib/gcc/avr/4.7.2/../../../avr/lib/avr5/libc.a(vfprintf_std.o)
 .data          0x0000000000800107        0x0 /usr/lib/gcc/avr/4.7.2/../../../avr/lib/avr5/libc.a(eerd_block_atmega644p.o)
 .data          0x0000000000800107        0x0 /usr/lib/gcc/avr/4.7.2/../../../avr/lib/avr5/libc.a(eerd_byte_atmega644p.o)
 .data          0x0000000000800107        0x0 /usr/lib/gcc/avr/4.7.2/../../../avr/lib/avr5/libc.a(eeupd_block_atmega644p.o)
 .data          0x0000000000800107        0x0 /usr/lib/gcc/avr/4.7.2/../../../avr/lib/avr5/libc.a(eeupd_byte_atmega644p.o)
 .data          0x0000000000800107        0x0 /usr/lib/gcc/avr/4.7.2/../../../avr/lib/avr5/libc.a(calloc.o)
 .data          0x0000000000800107        0x0 /usr/lib/gcc/avr/4.7.2/../../../avr/lib/avr5/libc.a(strnlen_P.o)
 .data          0x0000000000800107        0x0 /usr/lib/gcc/avr/4.7.2/../../../avr/lib/avr5/libc.a(memset.o)
 .data          0x0000000000800107        0x0 /usr/lib/gcc/avr/4.7.2/../../../avr/lib/avr5/libc.a(strnlen.o)
 .data          0x0000000000800107        0x0 /usr/lib/gcc/avr/4.7.2/../../../avr/lib/avr5/libc.a(fputc.o)
 .data          0x0000000000800107        0x0 /usr/lib/gcc/avr/4.7.2/../../../avr/lib/avr5/libc.a(ultoa_invert.o)
 *(.data*)
 *(.rodata)
 .rodata        0x0000000000800107        0x8 /usr/lib/gcc/avr/4.7.2/avr5/libgcc.a(_thenan_sf.o)
                0x0000000000800107                __thenan_sf
 *(.rodata*)
 .rodata.str1.1
                0x000000000080010f       0x16 test.o
 .rodata._ZZN7ili934110_setOrientEhE6orient
                0x0000000000800125        0x8 ././lib/libtft-cpp/libtft-cpp.a(tft.o)
                0x0000000000800125                _ZZN7ili934110_setOrientEhE6orient
 .rodata.str1.1
                0x000000000080012d        0xc ././lib/librTouch/librTouch.a(rtouch.o)
 *(.gnu.linkonce.d*)
                0x000000000080013a                . = ALIGN (0x2)
 *fill*         0x0000000000800139        0x1 00
                0x000000000080013a                _edata = .
                0x000000000080013a                PROVIDE (__data_end, .)

.bss            0x000000000080013a       0x8d
                0x000000000080013a                PROVIDE (__bss_start, .)
 *(.bss)
 .bss           0x000000000080013a        0x0 /usr/lib/gcc/avr/4.7.2/../../../avr/lib/avr5/crtm644p.o
 .bss           0x000000000080013a       0x34 test.o
                0x000000000080013a                touch
                0x000000000080015f                tft
 .bss           0x000000000080016e        0x4 ././lib/libtft-cpp/libtft-cpp.a(tft.o)
 .bss           0x0000000000800172        0x0 ././lib/libtft-cpp/libtft-cpp.a(ascii.o)
 .bss           0x0000000000800172       0x47 ././lib/librTouch/librTouch.a(rtouch.o)
 .bss           0x00000000008001b9        0x0 ././lib/librTouch/librTouch.a(ts_calibrate.o)
 .bss           0x00000000008001b9        0x0 ././lib/libcommon/libcommon.a(eemem.o)
 .bss           0x00000000008001b9        0x4 ././lib/libcommon/libcommon.a(adc.o)
 .bss           0x00000000008001bd        0x0 ././lib/libcommon/libcommon.a(pcint.o)
 .bss           0x00000000008001bd        0x0 /usr/lib/gcc/avr/4.7.2/avr5/libgcc.a(_umulhisi3.o)
 .bss           0x00000000008001bd        0x0 /usr/lib/gcc/avr/4.7.2/avr5/libgcc.a(_mulshisi3.o)
 .bss           0x00000000008001bd        0x0 /usr/lib/gcc/avr/4.7.2/avr5/libgcc.a(_mulsi3.o)
 .bss           0x00000000008001bd        0x0 /usr/lib/gcc/avr/4.7.2/avr5/libgcc.a(_udivmodqi4.o)
 .bss           0x00000000008001bd        0x0 /usr/lib/gcc/avr/4.7.2/avr5/libgcc.a(_udivmodhi4.o)
 .bss           0x00000000008001bd        0x0 /usr/lib/gcc/avr/4.7.2/avr5/libgcc.a(_divmodhi4.o)
 .bss           0x00000000008001bd        0x0 /usr/lib/gcc/avr/4.7.2/avr5/libgcc.a(_divmodsi4.o)
 .bss           0x00000000008001bd        0x0 /usr/lib/gcc/avr/4.7.2/avr5/libgcc.a(_exit.o)
 .bss           0x00000000008001bd        0x0 /usr/lib/gcc/avr/4.7.2/avr5/libgcc.a(_copy_data.o)
 .bss           0x00000000008001bd        0x0 /usr/lib/gcc/avr/4.7.2/avr5/libgcc.a(_clear_bss.o)
 .bss           0x00000000008001bd        0x0 /usr/lib/gcc/avr/4.7.2/avr5/libgcc.a(_ctors.o)
 .bss           0x00000000008001bd        0x0 /usr/lib/gcc/avr/4.7.2/avr5/libgcc.a(_addsub_sf.o)
 .bss           0x00000000008001bd        0x0 /usr/lib/gcc/avr/4.7.2/avr5/libgcc.a(_mul_sf.o)
 .bss           0x00000000008001bd        0x0 /usr/lib/gcc/avr/4.7.2/avr5/libgcc.a(_div_sf.o)
 .bss           0x00000000008001bd        0x0 /usr/lib/gcc/avr/4.7.2/avr5/libgcc.a(_gt_sf.o)
 .bss           0x00000000008001bd        0x0 /usr/lib/gcc/avr/4.7.2/avr5/libgcc.a(_lt_sf.o)
 .bss           0x00000000008001bd        0x0 /usr/lib/gcc/avr/4.7.2/avr5/libgcc.a(_sf_to_si.o)
 .bss           0x00000000008001bd        0x0 /usr/lib/gcc/avr/4.7.2/avr5/libgcc.a(_thenan_sf.o)
 .bss           0x00000000008001bd        0x0 /usr/lib/gcc/avr/4.7.2/avr5/libgcc.a(_usi_to_sf.o)
 .bss           0x00000000008001bd        0x0 /usr/lib/gcc/avr/4.7.2/avr5/libgcc.a(_muluhisi3.o)
 .bss           0x00000000008001bd        0x0 /usr/lib/gcc/avr/4.7.2/avr5/libgcc.a(_udivmodsi4.o)
 .bss           0x00000000008001bd        0x0 /usr/lib/gcc/avr/4.7.2/avr5/libgcc.a(_prologue.o)
 .bss           0x00000000008001bd        0x0 /usr/lib/gcc/avr/4.7.2/avr5/libgcc.a(_epilogue.o)
 .bss           0x00000000008001bd        0x0 /usr/lib/gcc/avr/4.7.2/avr5/libgcc.a(_tablejump.o)
 .bss           0x00000000008001bd        0x0 /usr/lib/gcc/avr/4.7.2/avr5/libgcc.a(_clzsi2.o)
 .bss           0x00000000008001bd        0x0 /usr/lib/gcc/avr/4.7.2/avr5/libgcc.a(_clzhi2.o)
 .bss           0x00000000008001bd        0x0 /usr/lib/gcc/avr/4.7.2/avr5/libgcc.a(_pack_sf.o)
 .bss           0x00000000008001bd        0x0 /usr/lib/gcc/avr/4.7.2/avr5/libgcc.a(_unpack_sf.o)
 .bss           0x00000000008001bd        0x0 /usr/lib/gcc/avr/4.7.2/avr5/libgcc.a(_fpcmp_parts_sf.o)
 .bss           0x00000000008001bd        0x0 /usr/lib/gcc/avr/4.7.2/../../../avr/lib/avr5/libc.a(malloc.o)
 .bss           0x00000000008001bd        0x0 /usr/lib/gcc/avr/4.7.2/../../../avr/lib/avr5/libc.a(fdevopen.o)
 .bss           0x00000000008001bd        0x0 /usr/lib/gcc/avr/4.7.2/../../../avr/lib/avr5/libc.a(iob.o)
 .bss           0x00000000008001bd        0x0 /usr/lib/gcc/avr/4.7.2/../../../avr/lib/avr5/libc.a(printf.o)
 .bss           0x00000000008001bd        0x0 /usr/lib/gcc/avr/4.7.2/../../../avr/lib/avr5/libc.a(puts.o)
 .bss           0x00000000008001bd        0x0 /usr/lib/gcc/avr/4.7.2/../../../avr/lib/avr5/libc.a(vfprintf_std.o)
 .bss           0x00000000008001bd        0x0 /usr/lib/gcc/avr/4.7.2/../../../avr/lib/avr5/libc.a(eerd_block_atmega644p.o)
 .bss           0x00000000008001bd        0x0 /usr/lib/gcc/avr/4.7.2/../../../avr/lib/avr5/libc.a(eerd_byte_atmega644p.o)
 .bss           0x00000000008001bd        0x0 /usr/lib/gcc/avr/4.7.2/../../../avr/lib/avr5/libc.a(eeupd_block_atmega644p.o)
 .bss           0x00000000008001bd        0x0 /usr/lib/gcc/avr/4.7.2/../../../avr/lib/avr5/libc.a(eeupd_byte_atmega644p.o)
 .bss           0x00000000008001bd        0x0 /usr/lib/gcc/avr/4.7.2/../../../avr/lib/avr5/libc.a(calloc.o)
 .bss           0x00000000008001bd        0x0 /usr/lib/gcc/avr/4.7.2/../../../avr/lib/avr5/libc.a(strnlen_P.o)
 .bss           0x00000000008001bd        0x0 /usr/lib/gcc/avr/4.7.2/../../../avr/lib/avr5/libc.a(memset.o)
 .bss           0x00000000008001bd        0x0 /usr/lib/gcc/avr/4.7.2/../../../avr/lib/avr5/libc.a(strnlen.o)
 .bss           0x00000000008001bd        0x0 /usr/lib/gcc/avr/4.7.2/../../../avr/lib/avr5/libc.a(fputc.o)
 .bss           0x00000000008001bd        0x0 /usr/lib/gcc/avr/4.7.2/../../../avr/lib/avr5/libc.a(ultoa_invert.o)
 *(.bss*)
 *(COMMON)
 COMMON         0x00000000008001bd        0x4 /usr/lib/gcc/avr/4.7.2/../../../avr/lib/avr5/libc.a(malloc.o)
                0x00000000008001bd                __brkval
                0x00000000008001bf                __flp
 COMMON         0x00000000008001c1        0x6 /usr/lib/gcc/avr/4.7.2/../../../avr/lib/avr5/libc.a(iob.o)
                0x00000000008001c1                __iob
                0x00000000008001c7                PROVIDE (__bss_end, .)
                0x0000000000003a02                __data_load_start = LOADADDR (.data)
                0x0000000000003a3c                __data_load_end = (__data_load_start + SIZEOF (.data))

.noinit         0x00000000008001c7        0x0
                0x00000000008001c7                PROVIDE (__noinit_start, .)
 *(.noinit*)
                0x00000000008001c7                PROVIDE (__noinit_end, .)
                0x00000000008001c7                _end = .
                0x00000000008001c7                PROVIDE (__heap_start, .)

.eeprom         0x0000000000810000       0x1d
 *(.eeprom*)
 .eeprom        0x0000000000810000       0x1c ././lib/librTouch/librTouch.a(rtouch.o)
                0x0000000000810000                _ZN6rTouch5NVcalE
 .eeprom        0x000000000081001c        0x1 ././lib/libcommon/libcommon.a(eemem.o)
                0x000000000081001d                __eeprom_end = .

.fuse
 *(.fuse)
 *(.lfuse)
 *(.hfuse)
 *(.efuse)

.lock
 *(.lock*)

.signature
 *(.signature*)

.stab           0x0000000000000000     0x7884
 *(.stab)
 .stab          0x0000000000000000      0x6cc /usr/lib/gcc/avr/4.7.2/../../../avr/lib/avr5/crtm644p.o
 .stab          0x00000000000006cc      0xbb8 test.o
                                        0xbc4 (size before relaxing)
 .stab          0x0000000000001284     0x19c8 ././lib/libtft-cpp/libtft-cpp.a(tft.o)
                                       0x19d4 (size before relaxing)
 .stab          0x0000000000002c4c      0x318 ././lib/libtft-cpp/libtft-cpp.a(ascii.o)
                                        0x324 (size before relaxing)
 .stab          0x0000000000002f64     0x150c ././lib/librTouch/librTouch.a(rtouch.o)
                                       0x1518 (size before relaxing)
 .stab          0x0000000000004470      0x33c ././lib/librTouch/librTouch.a(ts_calibrate.o)
                                        0x4d4 (size before relaxing)
 .stab          0x00000000000047ac      0x240 ././lib/libcommon/libcommon.a(eemem.o)
                                        0x3fc (size before relaxing)
 .stab          0x00000000000049ec      0x5c4 ././lib/libcommon/libcommon.a(adc.o)
                                        0x780 (size before relaxing)
 .stab          0x0000000000004fb0      0x24c ././lib/libcommon/libcommon.a(pcint.o)
                                        0x414 (size before relaxing)
 .stab          0x00000000000051fc      0x78c /usr/lib/gcc/avr/4.7.2/../../../avr/lib/avr5/libc.a(malloc.o)
                                        0x798 (size before relaxing)
 .stab          0x0000000000005988      0x2f4 /usr/lib/gcc/avr/4.7.2/../../../avr/lib/avr5/libc.a(fdevopen.o)
                                        0x4b0 (size before relaxing)
 .stab          0x0000000000005c7c      0x12c /usr/lib/gcc/avr/4.7.2/../../../avr/lib/avr5/libc.a(iob.o)
                                        0x30c (size before relaxing)
 .stab          0x0000000000005da8      0x1bc /usr/lib/gcc/avr/4.7.2/../../../avr/lib/avr5/libc.a(printf.o)
                                        0x39c (size before relaxing)
 .stab          0x0000000000005f64      0x204 /usr/lib/gcc/avr/4.7.2/../../../avr/lib/avr5/libc.a(puts.o)
                                        0x3e4 (size before relaxing)
 .stab          0x0000000000006168      0x9fc /usr/lib/gcc/avr/4.7.2/../../../avr/lib/avr5/libc.a(vfprintf_std.o)
                                        0xc24 (size before relaxing)
 .stab          0x0000000000006b64      0x108 /usr/lib/gcc/avr/4.7.2/../../../avr/lib/avr5/libc.a(eerd_block_atmega644p.o)
                                        0x114 (size before relaxing)
 .stab          0x0000000000006c6c       0x90 /usr/lib/gcc/avr/4.7.2/../../../avr/lib/avr5/libc.a(eerd_byte_atmega644p.o)
                                         0x9c (size before relaxing)
 .stab          0x0000000000006cfc       0xe4 /usr/lib/gcc/avr/4.7.2/../../../avr/lib/avr5/libc.a(eeupd_block_atmega644p.o)
                                         0xf0 (size before relaxing)
 .stab          0x0000000000006de0      0x114 /usr/lib/gcc/avr/4.7.2/../../../avr/lib/avr5/libc.a(eeupd_byte_atmega644p.o)
                                        0x120 (size before relaxing)
 .stab          0x0000000000006ef4      0x198 /usr/lib/gcc/avr/4.7.2/../../../avr/lib/avr5/libc.a(calloc.o)
                                        0x1f8 (size before relaxing)
 .stab          0x000000000000708c       0x9c /usr/lib/gcc/avr/4.7.2/../../../avr/lib/avr5/libc.a(strnlen_P.o)
                                         0xa8 (size before relaxing)
 .stab          0x0000000000007128       0x6c /usr/lib/gcc/avr/4.7.2/../../../avr/lib/avr5/libc.a(memset.o)
                                         0x78 (size before relaxing)
 .stab          0x0000000000007194       0x9c /usr/lib/gcc/avr/4.7.2/../../../avr/lib/avr5/libc.a(strnlen.o)
                                         0xa8 (size before relaxing)
 .stab          0x0000000000007230      0x1d4 /usr/lib/gcc/avr/4.7.2/../../../avr/lib/avr5/libc.a(fputc.o)
                                        0x3b4 (size before relaxing)
 .stab          0x0000000000007404      0x480 /usr/lib/gcc/avr/4.7.2/../../../avr/lib/avr5/libc.a(ultoa_invert.o)
                                        0x48c (size before relaxing)

.stabstr        0x0000000000000000     0x626c
 *(.stabstr)
 .stabstr       0x0000000000000000     0x626c /usr/lib/gcc/avr/4.7.2/../../../avr/lib/avr5/crtm644p.o

.stab.excl
 *(.stab.excl)

.stab.exclstr
 *(.stab.exclstr)

.stab.index
 *(.stab.index)

.stab.indexstr
 *(.stab.indexstr)

.comment        0x0000000000000000       0x22
 *(.comment)
 .comment       0x0000000000000000       0x11 test.o
                                         0x12 (size before relaxing)
 .comment       0x0000000000000000       0x12 ././lib/libtft-cpp/libtft-cpp.a(tft.o)
 .comment       0x0000000000000000       0x12 ././lib/libtft-cpp/libtft-cpp.a(ascii.o)
 .comment       0x0000000000000000       0x12 ././lib/librTouch/librTouch.a(rtouch.o)
 .comment       0x0000000000000000       0x12 ././lib/librTouch/librTouch.a(ts_calibrate.o)
 .comment       0x0000000000000000       0x12 ././lib/libcommon/libcommon.a(eemem.o)
 .comment       0x0000000000000000       0x12 ././lib/libcommon/libcommon.a(adc.o)
 .comment       0x0000000000000000       0x12 ././lib/libcommon/libcommon.a(pcint.o)
 .comment       0x0000000000000000       0x12 /usr/lib/gcc/avr/4.7.2/avr5/libgcc.a(_addsub_sf.o)
 .comment       0x0000000000000000       0x12 /usr/lib/gcc/avr/4.7.2/avr5/libgcc.a(_mul_sf.o)
 .comment       0x0000000000000000       0x12 /usr/lib/gcc/avr/4.7.2/avr5/libgcc.a(_div_sf.o)
 .comment       0x0000000000000000       0x12 /usr/lib/gcc/avr/4.7.2/avr5/libgcc.a(_gt_sf.o)
 .comment       0x0000000000000000       0x12 /usr/lib/gcc/avr/4.7.2/avr5/libgcc.a(_lt_sf.o)
 .comment       0x0000000000000000       0x12 /usr/lib/gcc/avr/4.7.2/avr5/libgcc.a(_sf_to_si.o)
 .comment       0x0000000000000000       0x12 /usr/lib/gcc/avr/4.7.2/avr5/libgcc.a(_thenan_sf.o)
 .comment       0x0000000000000000       0x12 /usr/lib/gcc/avr/4.7.2/avr5/libgcc.a(_usi_to_sf.o)
 .comment       0x0000000000000000       0x12 /usr/lib/gcc/avr/4.7.2/avr5/libgcc.a(_pack_sf.o)
 .comment       0x0000000000000000       0x12 /usr/lib/gcc/avr/4.7.2/avr5/libgcc.a(_unpack_sf.o)
 .comment       0x0000000000000000       0x12 /usr/lib/gcc/avr/4.7.2/avr5/libgcc.a(_fpcmp_parts_sf.o)
 .comment       0x0000000000000011       0x11 /usr/lib/gcc/avr/4.7.2/../../../avr/lib/avr5/libc.a(malloc.o)
                                         0x12 (size before relaxing)
 .comment       0x0000000000000000       0x12 /usr/lib/gcc/avr/4.7.2/../../../avr/lib/avr5/libc.a(fdevopen.o)
 .comment       0x0000000000000000       0x12 /usr/lib/gcc/avr/4.7.2/../../../avr/lib/avr5/libc.a(iob.o)
 .comment       0x0000000000000000       0x12 /usr/lib/gcc/avr/4.7.2/../../../avr/lib/avr5/libc.a(printf.o)
 .comment       0x0000000000000000       0x12 /usr/lib/gcc/avr/4.7.2/../../../avr/lib/avr5/libc.a(puts.o)
 .comment       0x0000000000000000       0x12 /usr/lib/gcc/avr/4.7.2/../../../avr/lib/avr5/libc.a(vfprintf_std.o)
 .comment       0x0000000000000000       0x12 /usr/lib/gcc/avr/4.7.2/../../../avr/lib/avr5/libc.a(calloc.o)
 .comment       0x0000000000000000       0x12 /usr/lib/gcc/avr/4.7.2/../../../avr/lib/avr5/libc.a(fputc.o)

.debug
 *(.debug)

.line
 *(.line)

.debug_srcinfo
 *(.debug_srcinfo)

.debug_sfnames
 *(.debug_sfnames)

.debug_aranges
 *(.debug_aranges)

.debug_pubnames
 *(.debug_pubnames)

.debug_info
 *(.debug_info)
 *(.gnu.linkonce.wi.*)

.debug_abbrev
 *(.debug_abbrev)

.debug_line
 *(.debug_line)

.debug_frame
 *(.debug_frame)

.debug_str
 *(.debug_str)

.debug_loc
 *(.debug_loc)

.debug_macinfo
 *(.debug_macinfo)
OUTPUT(Touch_Screen.elf elf32-avr)
LOAD linker stubs
